\BOOKMARK [1][]{section.1}{\376\377\116\000\060\001\000\040\225\356\230\230\221\315\217\360}{}% 1
\BOOKMARK [1][]{section.2}{\376\377\116\214\060\001\000\040\225\356\230\230\122\006\147\220}{}% 2
\BOOKMARK [2][]{subsection.2.1}{\376\377\0002\000.\0001\000\040\225\356\230\230\116\000\122\006\147\220}{section.2}% 3
\BOOKMARK [2][]{subsection.2.2}{\376\377\0002\000.\0002\000\040\225\356\230\230\116\214\122\006\147\220}{section.2}% 4
\BOOKMARK [2][]{subsection.2.3}{\376\377\0002\000.\0003\000\040\225\356\230\230\116\011\122\006\147\220}{section.2}% 5
\BOOKMARK [2][]{subsection.2.4}{\376\377\0002\000.\0004\000\040\225\356\230\230\126\333\122\006\147\220}{section.2}% 6
\BOOKMARK [1][]{section.3}{\376\377\116\011\060\001\000\040\152\041\127\213\120\107\213\276}{}% 7
\BOOKMARK [1][]{section.4}{\376\377\126\333\060\001\000\040\173\046\123\367\213\364\146\016}{}% 8
\BOOKMARK [1][]{section.5}{\376\377\116\224\060\001\000\040\225\356\230\230\116\000\166\204\136\372\172\313\116\016\154\102\211\343}{}% 9
\BOOKMARK [2][]{subsection.5.1}{\376\377\0005\000.\0001\000\040\155\367\124\010\152\041\127\213\150\106\147\266\166\204\220\011\142\351\117\235\143\156}{section.5}% 10
\BOOKMARK [2][]{subsection.5.2}{\376\377\0005\000.\0002\000\040\136\177\116\111\122\240\140\047\155\367\124\010\152\041\127\213\166\204\136\372\172\313}{section.5}% 11
\BOOKMARK [3][]{subsubsection.5.2.1}{\376\377\0005\000.\0002\000.\0001\000\040\152\041\127\213\154\102\211\343\153\145\232\244}{subsection.5.2}% 12
\BOOKMARK [2][]{subsection.5.3}{\376\377\0005\000.\0003\000\040\152\041\127\213\154\102\211\343\176\323\147\234}{section.5}% 13
\BOOKMARK [2][]{subsection.5.4}{\376\377\0005\000.\0004\000\040\176\323\147\234\122\006\147\220}{section.5}% 14
\BOOKMARK [1][]{section.6}{\376\377\121\155\060\001\000\040\225\356\230\230\116\214\166\204\136\372\172\313\116\016\154\102\211\343}{}% 15
\BOOKMARK [2][]{subsection.6.1}{\376\377\0006\000.\0001\000\040\145\160\143\156\232\161\122\250\166\204\000B\000M\000I\122\006\176\304}{section.6}% 16
\BOOKMARK [3][]{subsubsection.6.1.1}{\376\377\0006\000.\0001\000.\0001\000\040\220\011\142\351\117\235\143\156}{subsection.6.1}% 17
\BOOKMARK [3][]{subsubsection.6.1.2}{\376\377\0006\000.\0001\000.\0002\000\040\140\073\217\360}{subsection.6.1}% 18
\BOOKMARK [3][]{subsubsection.6.1.3}{\376\377\0006\000.\0001\000.\0003\000\040\154\102\211\343\153\145\232\244}{subsection.6.1}% 19
\BOOKMARK [2][]{subsection.6.2}{\376\377\0006\000.\0002\000\040\230\316\226\151\121\375\145\160\166\204\136\372\172\313}{section.6}% 20
\BOOKMARK [3][]{subsubsection.6.2.1}{\376\377\0006\000.\0002\000.\0001\000\040\220\011\142\351\117\235\143\156}{subsection.6.2}% 21
\BOOKMARK [3][]{subsubsection.6.2.2}{\376\377\0006\000.\0002\000.\0002\000\040\140\073\217\360}{subsection.6.2}% 22
\BOOKMARK [3][]{subsubsection.6.2.3}{\376\377\0006\000.\0002\000.\0003\000\040\152\041\127\213\147\204\136\372}{subsection.6.2}% 23
\BOOKMARK [2][]{subsection.6.3}{\376\377\0006\000.\0003\000\040\147\000\117\030\150\300\155\113\145\366\160\271\154\102\211\343}{section.6}% 24
\BOOKMARK [3][]{subsubsection.6.3.1}{\376\377\0006\000.\0003\000.\0001\000\040\220\011\142\351\117\235\143\156}{subsection.6.3}% 25
\BOOKMARK [3][]{subsubsection.6.3.2}{\376\377\0006\000.\0003\000.\0002\000\040\154\102\211\343\145\271\154\325}{subsection.6.3}% 26
\BOOKMARK [3][]{subsubsection.6.3.3}{\376\377\0006\000.\0003\000.\0003\000\040\154\102\211\343\176\323\147\234}{subsection.6.3}% 27
\BOOKMARK [2][]{subsection.6.4}{\376\377\0006\000.\0004\000\040\150\300\155\113\213\357\135\356\145\117\141\037\140\047\122\006\147\220}{section.6}% 28
\BOOKMARK [3][]{subsubsection.6.4.1}{\376\377\0006\000.\0004\000.\0001\000\040\122\006\147\220\166\356\166\204}{subsection.6.4}% 29
\BOOKMARK [3][]{subsubsection.6.4.2}{\376\377\0006\000.\0004\000.\0002\000\040\142\160\122\250\213\276\213\241}{subsection.6.4}% 30
\BOOKMARK [3][]{subsubsection.6.4.3}{\376\377\0006\000.\0004\000.\0003\000\040\145\117\141\037\140\047\176\323\147\234}{subsection.6.4}% 31
\BOOKMARK [2][]{subsection.6.5}{\376\377\0006\000.\0005\000\040\133\236\226\105\141\017\116\111}{section.6}% 32
\BOOKMARK [1][]{section.7}{\376\377\116\003\060\001\000\040\225\356\230\230\116\011\166\204\136\372\172\313\116\016\154\102\211\343}{}% 33
\BOOKMARK [2][]{subsection.7.1}{\376\377\0007\000.\0001\000\040\131\032\221\315\121\161\176\277\140\047\213\312\145\255\116\016\153\213\135\356\122\006\211\343}{section.7}% 34
\BOOKMARK [3][]{subsubsection.7.1.1}{\376\377\0007\000.\0001\000.\0001\000\040\121\161\176\277\140\047\213\312\145\255}{subsection.7.1}% 35
\BOOKMARK [3][]{subsubsection.7.1.2}{\376\377\0007\000.\0001\000.\0002\000\040\153\213\135\356\122\006\211\343\173\126\165\145}{subsection.7.1}% 36
\BOOKMARK [2][]{subsection.7.2}{\376\377\0007\000.\0002\000\040\131\032\126\340\175\040\000G\000A\000M\000M\152\041\127\213}{section.7}% 37
\BOOKMARK [3][]{subsubsection.7.2.1}{\376\377\0007\000.\0002\000.\0001\000\040\152\041\127\213\136\372\172\313}{subsection.7.2}% 38
\BOOKMARK [3][]{subsubsection.7.2.2}{\376\377\0007\000.\0002\000.\0002\000\040\152\041\127\213\154\102\211\343\116\016\153\324\217\203}{subsection.7.2}% 39
\BOOKMARK [2][]{subsection.7.3}{\376\377\0007\000.\0003\000\040\217\276\150\007\153\324\117\213\116\016\230\316\226\151\117\030\123\026}{section.7}% 40
\BOOKMARK [3][]{subsubsection.7.3.1}{\376\377\0007\000.\0003\000.\0001\000\040\230\316\226\151\121\375\145\160\147\204\136\372}{subsection.7.3}% 41
\BOOKMARK [3][]{subsubsection.7.3.2}{\376\377\0007\000.\0003\000.\0002\000\040\122\006\176\304\117\030\123\026\176\323\147\234}{subsection.7.3}% 42
\BOOKMARK [2][]{subsection.7.4}{\376\377\0007\000.\0004\000\040\000M\000o\000n\000t\000e\000\040\000C\000a\000r\000l\000o\213\357\135\356\117\040\144\255\122\006\147\220}{section.7}% 43
\BOOKMARK [3][]{subsubsection.7.4.1}{\376\377\0007\000.\0004\000.\0001\000\040\122\006\147\220\122\250\147\072\116\016\145\271\154\325}{subsection.7.4}% 44
\BOOKMARK [3][]{subsubsection.7.4.2}{\376\377\0007\000.\0004\000.\0002\000\040\213\357\135\356\117\040\144\255\176\323\147\234}{subsection.7.4}% 45
\BOOKMARK [2][]{subsection.7.5}{\376\377\0007\000.\0005\000\040\133\236\226\105\141\017\116\111}{section.7}% 46
\BOOKMARK [1][]{section.8}{\376\377\121\153\060\001\000\040\225\356\230\230\126\333\166\204\136\372\172\313\116\016\154\102\211\343}{}% 47
\BOOKMARK [2][]{subsection.8.1}{\376\377\0008\000.\0001\000\040\225\356\230\230\217\154\123\026\116\016\162\171\137\201\220\011\142\351}{section.8}% 48
\BOOKMARK [2][]{subsection.8.2}{\376\377\0008\000.\0002\000\040\131\032\121\103\232\154\154\017\215\335\171\273\137\002\136\070\150\300\155\113\152\041\127\213}{section.8}% 49
\BOOKMARK [3][]{subsubsection.8.2.1}{\376\377\0008\000.\0002\000.\0001\000\040\152\041\127\213\136\372\172\313}{subsection.8.2}% 50
\BOOKMARK [3][]{subsubsection.8.2.2}{\376\377\0008\000.\0002\000.\0002\000\040\154\102\211\343\153\145\232\244}{subsection.8.2}% 51
\BOOKMARK [2][]{subsection.8.3}{\376\377\0008\000.\0003\000\040\127\372\176\277\145\271\154\325}{section.8}% 52
\BOOKMARK [2][]{subsection.8.4}{\376\377\0008\000.\0004\000\040\154\102\211\343\176\323\147\234}{section.8}% 53
\BOOKMARK [3][]{subsubsection.8.4.1}{\376\377\0008\000.\0004\000.\0001\000\040\000M\0001\152\041\127\213\176\323\147\234}{subsection.8.4}% 54
\BOOKMARK [3][]{subsubsection.8.4.2}{\376\377\0008\000.\0004\000.\0002\000\040\000M\0002\127\372\176\277\176\323\147\234}{subsection.8.4}% 55
\BOOKMARK [3][]{subsubsection.8.4.3}{\376\377\0008\000.\0004\000.\0003\000\040\000M\0001\116\016\000M\0002\133\371\153\324}{subsection.8.4}% 56
\BOOKMARK [2][]{subsection.8.5}{\376\377\0008\000.\0005\000\040\176\323\147\234\122\006\147\220}{section.8}% 57
\BOOKMARK [1][]{section.9}{\376\377\116\135\060\001\000\040\152\041\127\213\150\300\232\214\116\016\160\165\145\117\136\246\122\006\147\220}{}% 58
\BOOKMARK [2][]{subsection.9.1}{\376\377\0009\000.\0001\000\040\160\165\145\117\136\246\122\006\147\220}{section.9}% 59
\BOOKMARK [3][]{subsubsection.9.1.1}{\376\377\0009\000.\0001\000.\0001\000\040\225\356\230\230\0001\000\040\000G\000A\000M\000M\150\067\147\141\201\352\165\061\136\246\160\165\145\117\136\246}{subsection.9.1}% 60
\BOOKMARK [3][]{subsubsection.9.1.2}{\376\377\0009\000.\0001\000.\0002\000\040\225\356\230\230\0002\230\316\226\151\121\375\145\160\147\103\221\315\160\165\145\117\136\246}{subsection.9.1}% 61
\BOOKMARK [3][]{subsubsection.9.1.3}{\376\377\0009\000.\0001\000.\0003\000\040\225\356\230\230\0004\137\002\136\070\122\044\133\232\226\010\120\074\160\165\145\117\136\246}{subsection.9.1}% 62
\BOOKMARK [2][]{subsection.9.2}{\376\377\0009\000.\0002\000\040\213\357\135\356\116\016\172\063\133\232\140\047\122\006\147\220}{section.9}% 63
\BOOKMARK [3][]{subsubsection.9.2.1}{\376\377\0009\000.\0002\000.\0001\000\040\225\356\230\230\0001\153\213\135\356\213\312\145\255}{subsection.9.2}% 64
\BOOKMARK [3][]{subsubsection.9.2.2}{\376\377\0009\000.\0002\000.\0002\000\040\225\356\230\230\0002\204\231\162\171\123\141\155\033\126\152\130\360\201\250\200\300}{subsection.9.2}% 65
\BOOKMARK [3][]{subsubsection.9.2.3}{\376\377\0009\000.\0002\000.\0003\000\040\225\356\230\230\0003\204\231\162\171\123\141\155\033\213\357\135\356\117\040\144\255}{subsection.9.2}% 66
\BOOKMARK [2][]{subsection.9.3}{\376\377\0009\000.\0003\000\040\133\371\153\324\232\214\213\301}{section.9}% 67
\BOOKMARK [3][]{subsubsection.9.3.1}{\376\377\0009\000.\0003\000.\0001\000\040\000G\000A\000M\000M\116\016\000L\000M\000E\166\204\152\041\127\213\153\324\217\203}{subsection.9.3}% 68
\BOOKMARK [3][]{subsubsection.9.3.2}{\376\377\0009\000.\0003\000.\0002\000\040\145\160\143\156\232\161\122\250\122\006\176\304\116\016\116\064\136\212\122\006\176\304}{subsection.9.3}% 69
\BOOKMARK [3][]{subsubsection.9.3.3}{\376\377\0009\000.\0003\000.\0003\000\040\232\154\154\017\215\335\171\273\116\016\000Z\120\074\226\010\120\074\145\271\154\325}{subsection.9.3}% 70
\BOOKMARK [1][]{section.10}{\376\377\123\101\060\001\000\040\152\041\127\213\213\304\116\367}{}% 71
\BOOKMARK [2][]{subsection.10.1}{\376\377\0001\0000\000.\0001\000\040\152\041\127\213\117\030\160\271}{section.10}% 72
\BOOKMARK [2][]{subsection.10.2}{\376\377\0001\0000\000.\0002\000\040\152\041\127\213\116\015\215\263}{section.10}% 73
\BOOKMARK [1][]{section.11}{\376\377\123\101\116\000\060\001\000\040\152\041\127\213\145\071\217\333\116\016\143\250\136\177}{}% 74
\BOOKMARK [2][]{subsection.11.1}{\376\377\0001\0001\000.\0001\000\040\152\041\127\213\145\071\217\333\145\271\124\021}{section.11}% 75
\BOOKMARK [2][]{subsection.11.2}{\376\377\0001\0001\000.\0002\000\040\143\250\136\177\136\224\165\050}{section.11}% 76
\BOOKMARK [1][]{section*.26}{\376\377\123\302\200\003\145\207\163\056}{}% 77
